Jun  7 05:24:09 vps-30774a52 sshd[15991]: pam_unix(sshd:auth): check pass; user unknown
Jun  7 05:24:09 vps-30774a52 sshd[15991]: pam_unix(sshd:auth): authentication failure; logname= uid=0 euid=0 tty=ssh ruser= rhost=111.19.157.70 
Jun  7 05:24:11 vps-30774a52 sshd[15991]: Failed password for invalid user openvpn from 111.19.157.70 port 38418 ssh2
Jun  7 05:24:12 vps-30774a52 sshd[15994]: Invalid user nagios from 159.75.130.56 port 39166
Jun  7 05:24:12 vps-30774a52 sshd[15994]: pam_unix(sshd:auth): check pass; user unknown
Jun  7 05:24:12 vps-30774a52 sshd[15994]: pam_unix(sshd:auth): authentication failure; logname= uid=0 euid=0 tty=ssh ruser= rhost=159.75.130.56 
Jun  7 05:24:12 vps-30774a52 sshd[15991]: Received disconnect from 111.19.157.70 port 38418:11: Bye Bye [preauth]
Jun  7 05:24:12 vps-30774a52 sshd[15991]: Disconnected from invalid user openvpn 111.19.157.70 port 38418 [preauth]
Jun  7 05:24:13 vps-30774a52 sshd[15994]: Failed password for invalid user nagios from 159.75.130.56 port 39166 ssh2
Jun  7 05:24:14 vps-30774a52 sshd[15994]: Received disconnect from 159.75.130.56 port 39166:11: Bye Bye [preauth]
Jun  7 05:24:14 vps-30774a52 sshd[15994]: Disconnected from invalid user nagios 159.75.130.56 port 39166 [preauth]
Jun  7 05:24:19 vps-30774a52 sshd[15997]: Invalid user backup2 from 142.93.226.235 port 51010
Jun  7 05:24:19 vps-30774a52 sshd[15997]: pam_unix(sshd:auth): check pass; user unknown
Jun  7 05:24:19 vps-30774a52 sshd[15997]: pam_unix(sshd:auth): authentication failure; logname= uid=0 euid=0 tty=ssh ruser= rhost=142.93.226.235 
Jun  7 05:24:21 vps-30774a52 sshd[16000]: pam_unix(sshd:auth): authentication failure; logname= uid=0 euid=0 tty=ssh ruser= rhost=118.69.55.101  user=root
Jun  7 05:24:21 vps-30774a52 sshd[15997]: Failed password for invalid user backup2 from 142.93.226.235 port 51010 ssh2
Jun  7 05:24:23 vps-30774a52 sshd[16000]: Failed password for root from 118.69.55.101 port 60130 ssh2
Jun  7 05:24:23 vps-30774a52 sshd[15997]: Received disconnect from 142.93.226.235 port 51010:11: Bye Bye [preauth]
Jun  7 05:24:23 vps-30774a52 sshd[15997]: Disconnected from invalid user backup2 142.93.226.235 port 51010 [preauth]
Jun  7 05:24:24 vps-30774a52 sshd[16000]: Received disconnect from 118.69.55.101 port 60130:11: Bye Bye [preauth]
Jun  7 05:24:24 vps-30774a52 sshd[16000]: Disconnected from authenticating user root 118.69.55.101 port 60130 [preauth]
Jun  7 05:24:30 vps-30774a52 sshd[16002]: pam_unix(sshd:auth): authentication failure; logname= uid=0 euid=0 tty=ssh ruser= rhost=165.22.193.179  user=sshd
Jun  7 05:24:31 vps-30774a52 sshd[16002]: Failed password for sshd from 165.22.193.179 port 41010 ssh2
Jun  7 05:24:33 vps-30774a52 sshd[16002]: Received disconnect from 165.22.193.179 port 41010:11: Bye Bye [preauth]
Jun  7 05:24:33 vps-30774a52 sshd[16002]: Disconnected from authenticating user sshd 165.22.193.179 port 41010 [preauth]
Jun  7 05:24:55 vps-30774a52 sshd[16004]: pam_unix(sshd:auth): authentication failure; logname= uid=0 euid=0 tty=ssh ruser= rhost=190.156.231.182  user=root
Jun  7 05:24:57 vps-30774a52 sshd[16004]: Failed password for root from 190.156.231.182 port 50938 ssh2
Jun  7 05:24:58 vps-30774a52 sshd[16004]: Received disconnect from 190.156.231.182 port 50938:11: Bye Bye [preauth]
Jun  7 05:24:58 vps-30774a52 sshd[16004]: Disconnected from authenticating user root 190.156.231.182 port 50938 [preauth]
Jun  7 05:25:21 vps-30774a52 sshd[16006]: Invalid user webmaster from 142.93.226.235 port 40960
Jun  7 05:25:21 vps-30774a52 sshd[16006]: pam_unix(sshd:auth): check pass; user unknown
Jun  7 05:25:21 vps-30774a52 sshd[16006]: pam_unix(sshd:auth): authentication failure; logname= uid=0 euid=0 tty=ssh ruser= rhost=142.93.226.235 
Jun  7 05:25:23 vps-30774a52 sshd[16006]: Failed password for invalid user webmaster from 142.93.226.235 port 40960 ssh2
Jun  7 05:25:24 vps-30774a52 sshd[16006]: Received disconnect from 142.93.226.235 port 40960:11: Bye Bye [preauth]
Jun  7 05:25:24 vps-30774a52 sshd[16006]: Disconnected from invalid user webmaster 142.93.226.235 port 40960 [preauth]
Jun  7 05:25:29 vps-30774a52 sshd[16009]: Invalid user admin from 124.30.44.214 port 51569
Jun  7 05:25:29 vps-30774a52 sshd[16009]: pam_unix(sshd:auth): check pass; user unknown
Jun  7 05:25:29 vps-30774a52 sshd[16009]: pam_unix(sshd:auth): authentication failure; logname= uid=0 euid=0 tty=ssh ruser= rhost=124.30.44.214 
Jun  7 05:25:31 vps-30774a52 sshd[16009]: Failed password for invalid user admin from 124.30.44.214 port 51569 ssh2
Jun  7 05:25:32 vps-30774a52 sshd[16009]: Received disconnect from 124.30.44.214 port 51569:11: Bye Bye [preauth]
Jun  7 05:25:32 vps-30774a52 sshd[16009]: Disconnected from invalid user admin 124.30.44.214 port 51569 [preauth]
Jun  7 05:25:32 vps-30774a52 sshd[16011]: Invalid user sabrina from 113.31.113.5 port 41684
Jun  7 05:25:32 vps-30774a52 sshd[16011]: pam_unix(sshd:auth): check pass; user unknown
Jun  7 05:25:32 vps-30774a52 sshd[16011]: pam_unix(sshd:auth): authentication failure; logname= uid=0 euid=0 tty=ssh ruser= rhost=113.31.113.5 
Jun  7 05:25:33 vps-30774a52 sshd[16011]: Failed password for invalid user sabrina from 113.31.113.5 port 41684 ssh2
Jun  7 05:25:34 vps-30774a52 sshd[16011]: Received disconnect from 113.31.113.5 port 41684:11: Bye Bye [preauth]
Jun  7 05:25:34 vps-30774a52 sshd[16011]: Disconnected from invalid user sabrina 113.31.113.5 port 41684 [preauth]
Jun  7 05:25:39 vps-30774a52 sshd[16017]: pam_unix(sshd:auth): authentication failure; logname= uid=0 euid=0 tty=ssh ruser= rhost=132.232.87.247  user=root
Jun  7 05:25:40 vps-30774a52 sshd[16019]: Invalid user user from 118.69.55.101 port 52964
Jun  7 05:25:40 vps-30774a52 sshd[16019]: pam_unix(sshd:auth): check pass; user unknown
Jun  7 05:25:40 vps-30774a52 sshd[16019]: pam_unix(sshd:auth): authentication failure; logname= uid=0 euid=0 tty=ssh ruser= rhost=118.69.55.101 
Jun  7 05:25:40 vps-30774a52 sshd[16015]: Invalid user ubuntu from 89.223.90.76 port 59248
Jun  7 05:25:40 vps-30774a52 sshd[16015]: pam_unix(sshd:auth): check pass; user unknown
Jun  7 05:25:40 vps-30774a52 sshd[16015]: pam_unix(sshd:auth): authentication failure; logname= uid=0 euid=0 tty=ssh ruser= rhost=89.223.90.76 
Jun  7 05:25:41 vps-30774a52 sshd[16017]: Failed password for root from 132.232.87.247 port 51190 ssh2
Jun  7 05:25:42 vps-30774a52 sshd[16019]: Failed password for invalid user user from 118.69.55.101 port 52964 ssh2
Jun  7 05:25:42 vps-30774a52 sshd[16015]: Failed password for invalid user ubuntu from 89.223.90.76 port 59248 ssh2
Jun  7 05:25:42 vps-30774a52 sshd[16019]: Received disconnect from 118.69.55.101 port 52964:11: Bye Bye [preauth]
Jun  7 05:25:42 vps-30774a52 sshd[16019]: Disconnected from invalid user user 118.69.55.101 port 52964 [preauth]
Jun  7 05:25:43 vps-30774a52 sshd[16017]: Received disconnect from 132.232.87.247 port 51190:11: Bye Bye [preauth]
Jun  7 05:25:43 vps-30774a52 sshd[16017]: Disconnected from authenticating user root 132.232.87.247 port 51190 [preauth]
Jun  7 05:25:44 vps-30774a52 sshd[16015]: Received disconnect from 89.223.90.76 port 59248:11: Bye Bye [preauth]
Jun  7 05:25:44 vps-30774a52 sshd[16015]: Disconnected from invalid user ubuntu 89.223.90.76 port 59248 [preauth]
Jun  7 05:26:03 vps-30774a52 sshd[16023]: Invalid user japan from 165.22.193.179 port 42770
Jun  7 05:26:03 vps-30774a52 sshd[16023]: pam_unix(sshd:auth): check pass; user unknown
Jun  7 05:26:03 vps-30774a52 sshd[16023]: pam_unix(sshd:auth): authentication failure; logname= uid=0 euid=0 tty=ssh ruser= rhost=165.22.193.179 
Jun  7 05:26:04 vps-30774a52 sshd[16023]: Failed password for invalid user japan from 165.22.193.179 port 42770 ssh2
Jun  7 05:26:05 vps-30774a52 sshd[16023]: Received disconnect from 165.22.193.179 port 42770:11: Bye Bye [preauth]
Jun  7 05:26:05 vps-30774a52 sshd[16023]: Disconnected from invalid user japan 165.22.193.179 port 42770 [preauth]
Jun  7 05:26:14 vps-30774a52 sshd[16026]: pam_unix(sshd:auth): authentication failure; logname= uid=0 euid=0 tty=ssh ruser= rhost=42.248.121.57  user=root
Jun  7 05:26:15 vps-30774a52 sshd[16026]: Failed password for root from 42.248.121.57 port 33266 ssh2
Jun  7 05:26:16 vps-30774a52 sshd[16026]: Received disconnect from 42.248.121.57 port 33266:11: Bye Bye [preauth]
Jun  7 05:26:16 vps-30774a52 sshd[16026]: Disconnected from authenticating user root 42.248.121.57 port 33266 [preauth]
Jun  7 05:26:23 vps-30774a52 sshd[16030]: Invalid user ramana from 142.93.226.235 port 59144
Jun  7 05:26:23 vps-30774a52 sshd[16030]: pam_unix(sshd:auth): check pass; user unknown
Jun  7 05:26:23 vps-30774a52 sshd[16030]: pam_unix(sshd:auth): authentication failure; logname= uid=0 euid=0 tty=ssh ruser= rhost=142.93.226.235 
Jun  7 05:26:25 vps-30774a52 sshd[16033]: pam_unix(sshd:auth): authentication failure; logname= uid=0 euid=0 tty=ssh ruser= rhost=190.156.231.182  user=root
Jun  7 05:26:25 vps-30774a52 sshd[16030]: Failed password for invalid user ramana from 142.93.226.235 port 59144 ssh2
Jun  7 05:26:25 vps-30774a52 sshd[16030]: Received disconnect from 142.93.226.235 port 59144:11: Bye Bye [preauth]
Jun  7 05:26:25 vps-30774a52 sshd[16030]: Disconnected from invalid user ramana 142.93.226.235 port 59144 [preauth]
Jun  7 05:26:27 vps-30774a52 sshd[16033]: Failed password for root from 190.156.231.182 port 45866 ssh2
Jun  7 05:26:28 vps-30774a52 sshd[16033]: Received disconnect from 190.156.231.182 port 45866:11: Bye Bye [preauth]
Jun  7 05:26:28 vps-30774a52 sshd[16033]: Disconnected from authenticating user root 190.156.231.182 port 45866 [preauth]
Jun  7 05:26:32 vps-30774a52 sshd[16028]: pam_unix(sshd:auth): authentication failure; logname= uid=0 euid=0 tty=ssh ruser= rhost=77.228.191.118  user=root
Jun  7 05:26:34 vps-30774a52 sshd[16028]: Failed password for root from 77.228.191.118 port 48604 ssh2
Jun  7 05:26:35 vps-30774a52 sshd[16028]: Received disconnect from 77.228.191.118 port 48604:11: Bye Bye [preauth]
Jun  7 05:26:35 vps-30774a52 sshd[16028]: Disconnected from authenticating user root 77.228.191.118 port 48604 [preauth]
Jun  7 05:26:37 vps-30774a52 sshd[16035]: Invalid user amanda from 159.75.130.56 port 48160
Jun  7 05:26:37 vps-30774a52 sshd[16035]: pam_unix(sshd:auth): check pass; user unknown
Jun  7 05:26:37 vps-30774a52 sshd[16035]: pam_unix(sshd:auth): authentication failure; logname= uid=0 euid=0 tty=ssh ruser= rhost=159.75.130.56 
Jun  7 05:26:39 vps-30774a52 sshd[16035]: Failed password for invalid user amanda from 159.75.130.56 port 48160 ssh2
Jun  7 05:26:40 vps-30774a52 sshd[16035]: Received disconnect from 159.75.130.56 port 48160:11: Bye Bye [preauth]
Jun  7 05:26:40 vps-30774a52 sshd[16035]: Disconnected from invalid user amanda 159.75.130.56 port 48160 [preauth]
Jun  7 05:26:56 vps-30774a52 sshd[13564]: pam_unix(sshd:session): session closed for user debian
Jun  7 05:26:56 vps-30774a52 systemd-logind[532]: Session 14 logged out. Waiting for processes to exit.
Jun  7 05:26:56 vps-30774a52 systemd-logind[532]: Removed session 14.
Jun  7 05:26:57 vps-30774a52 sshd[16038]: pam_unix(sshd:auth): authentication failure; logname= uid=0 euid=0 tty=ssh ruser= rhost=111.19.157.70  user=root
Jun  7 05:26:59 vps-30774a52 sshd[16038]: Failed password for root from 111.19.157.70 port 57419 ssh2
Jun  7 05:26:59 vps-30774a52 sshd[16041]: Invalid user cpanel from 118.69.55.101 port 45800
Jun  7 05:26:59 vps-30774a52 sshd[16041]: pam_unix(sshd:auth): check pass; user unknown
Jun  7 05:26:59 vps-30774a52 sshd[16041]: pam_unix(sshd:auth): authentication failure; logname= uid=0 euid=0 tty=ssh ruser= rhost=118.69.55.101 
Jun  7 05:27:00 vps-30774a52 sshd[16043]: pam_unix(sshd:auth): authentication failure; logname= uid=0 euid=0 tty=ssh ruser= rhost=124.30.44.214  user=root
Jun  7 05:27:01 vps-30774a52 sshd[16038]: Received disconnect from 111.19.157.70 port 57419:11: Bye Bye [preauth]
Jun  7 05:27:01 vps-30774a52 sshd[16038]: Disconnected from authenticating user root 111.19.157.70 port 57419 [preauth]
Jun  7 05:27:01 vps-30774a52 sshd[16041]: Failed password for invalid user cpanel from 118.69.55.101 port 45800 ssh2
Jun  7 05:27:02 vps-30774a52 sshd[16043]: Failed password for root from 124.30.44.214 port 28577 ssh2
Jun  7 05:27:02 vps-30774a52 sshd[16041]: Received disconnect from 118.69.55.101 port 45800:11: Bye Bye [preauth]
Jun  7 05:27:02 vps-30774a52 sshd[16041]: Disconnected from invalid user cpanel 118.69.55.101 port 45800 [preauth]
Jun  7 05:27:03 vps-30774a52 sshd[16043]: Received disconnect from 124.30.44.214 port 28577:11: Bye Bye [preauth]
Jun  7 05:27:03 vps-30774a52 sshd[16043]: Disconnected from authenticating user root 124.30.44.214 port 28577 [preauth]
Jun  7 05:27:25 vps-30774a52 sshd[16046]: Invalid user cvs1 from 142.93.226.235 port 49090
Jun  7 05:27:25 vps-30774a52 sshd[16046]: pam_unix(sshd:auth): check pass; user unknown
Jun  7 05:27:25 vps-30774a52 sshd[16046]: pam_unix(sshd:auth): authentication failure; logname= uid=0 euid=0 tty=ssh ruser= rhost=142.93.226.235 
Jun  7 05:27:28 vps-30774a52 sshd[16046]: Failed password for invalid user cvs1 from 142.93.226.235 port 49090 ssh2
Jun  7 05:27:29 vps-30774a52 sshd[16046]: Received disconnect from 142.93.226.235 port 49090:11: Bye Bye [preauth]
Jun  7 05:27:29 vps-30774a52 sshd[16046]: Disconnected from invalid user cvs1 142.93.226.235 port 49090 [preauth]
Jun  7 05:27:38 vps-30774a52 sshd[16049]: Invalid user zabbix from 165.22.193.179 port 44528
Jun  7 05:27:38 vps-30774a52 sshd[16049]: pam_unix(sshd:auth): check pass; user unknown
Jun  7 05:27:38 vps-30774a52 sshd[16049]: pam_unix(sshd:auth): authentication failure; logname= uid=0 euid=0 tty=ssh ruser= rhost=165.22.193.179 
Jun  7 05:27:40 vps-30774a52 sshd[16049]: Failed password for invalid user zabbix from 165.22.193.179 port 44528 ssh2
Jun  7 05:27:41 vps-30774a52 sshd[16049]: Received disconnect from 165.22.193.179 port 44528:11: Bye Bye [preauth]
Jun  7 05:27:41 vps-30774a52 sshd[16049]: Disconnected from invalid user zabbix 165.22.193.179 port 44528 [preauth]
Jun  7 05:27:53 vps-30774a52 sshd[16052]: pam_unix(sshd:auth): authentication failure; logname= uid=0 euid=0 tty=ssh ruser= rhost=190.156.231.182  user=root
Jun  7 05:27:55 vps-30774a52 sshd[16052]: Failed password for root from 190.156.231.182 port 40800 ssh2
Jun  7 05:27:56 vps-30774a52 sshd[16052]: Received disconnect from 190.156.231.182 port 40800:11: Bye Bye [preauth]
Jun  7 05:27:56 vps-30774a52 sshd[16052]: Disconnected from authenticating user root 190.156.231.182 port 40800 [preauth]
Jun  7 05:28:05 vps-30774a52 sshd[16054]: pam_unix(sshd:auth): authentication failure; logname= uid=0 euid=0 tty=ssh ruser= rhost=132.232.87.247  user=root
Jun  7 05:28:07 vps-30774a52 sshd[16054]: Failed password for root from 132.232.87.247 port 58584 ssh2
Jun  7 05:28:08 vps-30774a52 sshd[16054]: Received disconnect from 132.232.87.247 port 58584:11: Bye Bye [preauth]
Jun  7 05:28:08 vps-30774a52 sshd[16054]: Disconnected from authenticating user root 132.232.87.247 port 58584 [preauth]
Jun  7 05:28:22 vps-30774a52 sshd[16056]: Invalid user upload from 113.31.113.5 port 44978
Jun  7 05:28:22 vps-30774a52 sshd[16056]: pam_unix(sshd:auth): check pass; user unknown
Jun  7 05:28:22 vps-30774a52 sshd[16056]: pam_unix(sshd:auth): authentication failure; logname= uid=0 euid=0 tty=ssh ruser= rhost=113.31.113.5 
Jun  7 05:28:24 vps-30774a52 sshd[16059]: Invalid user sales from 118.69.55.101 port 38634
Jun  7 05:28:24 vps-30774a52 sshd[16059]: pam_unix(sshd:auth): check pass; user unknown
Jun  7 05:28:24 vps-30774a52 sshd[16059]: pam_unix(sshd:auth): authentication failure; logname= uid=0 euid=0 tty=ssh ruser= rhost=118.69.55.101 
Jun  7 05:28:24 vps-30774a52 sshd[16056]: Failed password for invalid user upload from 113.31.113.5 port 44978 ssh2
Jun  7 05:28:25 vps-30774a52 sshd[16056]: Received disconnect from 113.31.113.5 port 44978:11: Bye Bye [preauth]
Jun  7 05:28:25 vps-30774a52 sshd[16056]: Disconnected from invalid user upload 113.31.113.5 port 44978 [preauth]
Jun  7 05:28:26 vps-30774a52 sshd[16059]: Failed password for invalid user sales from 118.69.55.101 port 38634 ssh2
Jun  7 05:28:26 vps-30774a52 sshd[16062]: Invalid user helen from 89.223.90.76 port 39610
Jun  7 05:28:26 vps-30774a52 sshd[16062]: pam_unix(sshd:auth): check pass; user unknown
Jun  7 05:28:26 vps-30774a52 sshd[16062]: pam_unix(sshd:auth): authentication failure; logname= uid=0 euid=0 tty=ssh ruser= rhost=89.223.90.76 
Jun  7 05:28:27 vps-30774a52 sshd[16059]: Received disconnect from 118.69.55.101 port 38634:11: Bye Bye [preauth]
Jun  7 05:28:27 vps-30774a52 sshd[16059]: Disconnected from invalid user sales 118.69.55.101 port 38634 [preauth]
Jun  7 05:28:29 vps-30774a52 sshd[16062]: Failed password for invalid user helen from 89.223.90.76 port 39610 ssh2
Jun  7 05:28:30 vps-30774a52 sshd[16065]: Invalid user apache1 from 142.93.226.235 port 39038
Jun  7 05:28:30 vps-30774a52 sshd[16065]: pam_unix(sshd:auth): check pass; user unknown
Jun  7 05:28:30 vps-30774a52 sshd[16065]: pam_unix(sshd:auth): authentication failure; logname= uid=0 euid=0 tty=ssh ruser= rhost=142.93.226.235 
Jun  7 05:28:32 vps-30774a52 sshd[16062]: Received disconnect from 89.223.90.76 port 39610:11: Bye Bye [preauth]
Jun  7 05:28:32 vps-30774a52 sshd[16062]: Disconnected from invalid user helen 89.223.90.76 port 39610 [preauth]
Jun  7 05:28:33 vps-30774a52 sshd[16065]: Failed password for invalid user apache1 from 142.93.226.235 port 39038 ssh2
Jun  7 05:28:33 vps-30774a52 sshd[16065]: Received disconnect from 142.93.226.235 port 39038:11: Bye Bye [preauth]
Jun  7 05:28:33 vps-30774a52 sshd[16065]: Disconnected from invalid user apache1 142.93.226.235 port 39038 [preauth]
Jun  7 05:28:44 vps-30774a52 sshd[16068]: pam_unix(sshd:auth): authentication failure; logname= uid=0 euid=0 tty=ssh ruser= rhost=124.30.44.214  user=root
Jun  7 05:28:46 vps-30774a52 sshd[16068]: Failed password for root from 124.30.44.214 port 24851 ssh2
Jun  7 05:28:47 vps-30774a52 sshd[16068]: Received disconnect from 124.30.44.214 port 24851:11: Bye Bye [preauth]
Jun  7 05:28:47 vps-30774a52 sshd[16068]: Disconnected from authenticating user root 124.30.44.214 port 24851 [preauth]
Jun  7 05:29:08 vps-30774a52 sshd[16071]: Invalid user test01 from 159.75.130.56 port 57166
Jun  7 05:29:08 vps-30774a52 sshd[16071]: pam_unix(sshd:auth): check pass; user unknown
Jun  7 05:29:08 vps-30774a52 sshd[16071]: pam_unix(sshd:auth): authentication failure; logname= uid=0 euid=0 tty=ssh ruser= rhost=159.75.130.56 
Jun  7 05:29:11 vps-30774a52 sshd[16071]: Failed password for invalid user test01 from 159.75.130.56 port 57166 ssh2
Jun  7 05:29:12 vps-30774a52 sshd[16071]: Received disconnect from 159.75.130.56 port 57166:11: Bye Bye [preauth]
Jun  7 05:29:12 vps-30774a52 sshd[16071]: Disconnected from invalid user test01 159.75.130.56 port 57166 [preauth]
Jun  7 05:29:20 vps-30774a52 sshd[16074]: pam_unix(sshd:auth): authentication failure; logname= uid=0 euid=0 tty=ssh ruser= rhost=190.156.231.182  user=root
Jun  7 05:29:21 vps-30774a52 sshd[16077]: Invalid user ftp from 165.22.193.179 port 46286
Jun  7 05:29:21 vps-30774a52 sshd[16077]: pam_unix(sshd:auth): check pass; user unknown
Jun  7 05:29:21 vps-30774a52 sshd[16077]: pam_unix(sshd:auth): authentication failure; logname= uid=0 euid=0 tty=ssh ruser= rhost=165.22.193.179 
Jun  7 05:29:21 vps-30774a52 sshd[16076]: pam_unix(sshd:auth): authentication failure; logname= uid=0 euid=0 tty=ssh ruser= rhost=207.154.241.112  user=root
Jun  7 05:29:23 vps-30774a52 sshd[16077]: Failed password for invalid user ftp from 165.22.193.179 port 46286 ssh2
Jun  7 05:29:23 vps-30774a52 sshd[16074]: Failed password for root from 190.156.231.182 port 35732 ssh2
Jun  7 05:29:23 vps-30774a52 sshd[16076]: Failed password for root from 207.154.241.112 port 33672 ssh2
Jun  7 05:29:23 vps-30774a52 sshd[16074]: Received disconnect from 190.156.231.182 port 35732:11: Bye Bye [preauth]
Jun  7 05:29:23 vps-30774a52 sshd[16074]: Disconnected from authenticating user root 190.156.231.182 port 35732 [preauth]
Jun  7 05:29:24 vps-30774a52 sshd[16076]: Received disconnect from 207.154.241.112 port 33672:11: Bye Bye [preauth]
Jun  7 05:29:24 vps-30774a52 sshd[16076]: Disconnected from authenticating user root 207.154.241.112 port 33672 [preauth]
Jun  7 05:29:24 vps-30774a52 sshd[16077]: Received disconnect from 165.22.193.179 port 46286:11: Bye Bye [preauth]
Jun  7 05:29:24 vps-30774a52 sshd[16077]: Disconnected from invalid user ftp 165.22.193.179 port 46286 [preauth]
Jun  7 05:29:25 vps-30774a52 sshd[16081]: pam_unix(sshd:auth): authentication failure; logname= uid=0 euid=0 tty=ssh ruser= rhost=42.248.121.57  user=root
Jun  7 05:29:27 vps-30774a52 sshd[16081]: Failed password for root from 42.248.121.57 port 42232 ssh2
Jun  7 05:29:28 vps-30774a52 sshd[16081]: Received disconnect from 42.248.121.57 port 42232:11: Bye Bye [preauth]
Jun  7 05:29:28 vps-30774a52 sshd[16081]: Disconnected from authenticating user root 42.248.121.57 port 42232 [preauth]
Jun  7 05:29:39 vps-30774a52 sshd[16083]: Invalid user cvs from 142.93.226.235 port 57220
Jun  7 05:29:39 vps-30774a52 sshd[16083]: pam_unix(sshd:auth): check pass; user unknown
Jun  7 05:29:39 vps-30774a52 sshd[16083]: pam_unix(sshd:auth): authentication failure; logname= uid=0 euid=0 tty=ssh ruser= rhost=142.93.226.235 
Jun  7 05:29:41 vps-30774a52 sshd[16083]: Failed password for invalid user cvs from 142.93.226.235 port 57220 ssh2
Jun  7 05:29:41 vps-30774a52 sshd[16083]: Received disconnect from 142.93.226.235 port 57220:11: Bye Bye [preauth]
Jun  7 05:29:41 vps-30774a52 sshd[16083]: Disconnected from invalid user cvs 142.93.226.235 port 57220 [preauth]
Jun  7 05:29:48 vps-30774a52 sshd[16086]: Invalid user server from 118.69.55.101 port 59696
Jun  7 05:29:48 vps-30774a52 sshd[16086]: pam_unix(sshd:auth): check pass; user unknown
Jun  7 05:29:48 vps-30774a52 sshd[16086]: pam_unix(sshd:auth): authentication failure; logname= uid=0 euid=0 tty=ssh ruser= rhost=118.69.55.101 
Jun  7 05:29:51 vps-30774a52 sshd[16086]: Failed password for invalid user server from 118.69.55.101 port 59696 ssh2
Jun  7 05:29:52 vps-30774a52 sshd[16086]: Received disconnect from 118.69.55.101 port 59696:11: Bye Bye [preauth]
Jun  7 05:29:52 vps-30774a52 sshd[16086]: Disconnected from invalid user server 118.69.55.101 port 59696 [preauth]
Jun  7 05:29:53 vps-30774a52 sshd[16089]: Invalid user web1 from 111.19.157.70 port 9065
Jun  7 05:29:53 vps-30774a52 sshd[16089]: pam_unix(sshd:auth): check pass; user unknown
Jun  7 05:29:53 vps-30774a52 sshd[16089]: pam_unix(sshd:auth): authentication failure; logname= uid=0 euid=0 tty=ssh ruser= rhost=111.19.157.70 
Jun  7 05:29:55 vps-30774a52 sshd[16089]: Failed password for invalid user web1 from 111.19.157.70 port 9065 ssh2
Jun  7 05:29:57 vps-30774a52 sshd[16089]: Received disconnect from 111.19.157.70 port 9065:11: Bye Bye [preauth]
Jun  7 05:29:57 vps-30774a52 sshd[16089]: Disconnected from invalid user web1 111.19.157.70 port 9065 [preauth]
Jun  7 05:30:28 vps-30774a52 sshd[16092]: pam_unix(sshd:auth): authentication failure; logname= uid=0 euid=0 tty=ssh ruser= rhost=124.30.44.214  user=root
Jun  7 05:30:30 vps-30774a52 sshd[16092]: Failed password for root from 124.30.44.214 port 4494 ssh2
Jun  7 05:30:31 vps-30774a52 sshd[16092]: Received disconnect from 124.30.44.214 port 4494:11: Bye Bye [preauth]
Jun  7 05:30:31 vps-30774a52 sshd[16092]: Disconnected from authenticating user root 124.30.44.214 port 4494 [preauth]
Jun  7 05:30:41 vps-30774a52 sshd[16094]: pam_unix(sshd:auth): authentication failure; logname= uid=0 euid=0 tty=ssh ruser= rhost=132.232.87.247  user=root
Jun  7 05:30:42 vps-30774a52 sshd[16094]: Failed password for root from 132.232.87.247 port 37776 ssh2
Jun  7 05:30:44 vps-30774a52 sshd[16094]: Received disconnect from 132.232.87.247 port 37776:11: Bye Bye [preauth]
Jun  7 05:30:44 vps-30774a52 sshd[16094]: Disconnected from authenticating user root 132.232.87.247 port 37776 [preauth]
Jun  7 05:30:46 vps-30774a52 sshd[16096]: Invalid user xxx from 142.93.226.235 port 47172
Jun  7 05:30:46 vps-30774a52 sshd[16096]: pam_unix(sshd:auth): check pass; user unknown
Jun  7 05:30:46 vps-30774a52 sshd[16096]: pam_unix(sshd:auth): authentication failure; logname= uid=0 euid=0 tty=ssh ruser= rhost=142.93.226.235 
Jun  7 05:30:48 vps-30774a52 sshd[16096]: Failed password for invalid user xxx from 142.93.226.235 port 47172 ssh2
Jun  7 05:30:49 vps-30774a52 sshd[16096]: Received disconnect from 142.93.226.235 port 47172:11: Bye Bye [preauth]
Jun  7 05:30:49 vps-30774a52 sshd[16096]: Disconnected from invalid user xxx 142.93.226.235 port 47172 [preauth]
Jun  7 05:30:50 vps-30774a52 sshd[16099]: pam_unix(sshd:auth): authentication failure; logname= uid=0 euid=0 tty=ssh ruser= rhost=190.156.231.182  user=root
Jun  7 05:30:51 vps-30774a52 sshd[16099]: Failed password for root from 190.156.231.182 port 58890 ssh2
Jun  7 05:30:53 vps-30774a52 sshd[16099]: Received disconnect from 190.156.231.182 port 58890:11: Bye Bye [preauth]
Jun  7 05:30:53 vps-30774a52 sshd[16099]: Disconnected from authenticating user root 190.156.231.182 port 58890 [preauth]
Jun  7 05:30:59 vps-30774a52 sshd[16101]: Invalid user daniel from 165.22.193.179 port 48050
Jun  7 05:30:59 vps-30774a52 sshd[16101]: pam_unix(sshd:auth): check pass; user unknown
Jun  7 05:30:59 vps-30774a52 sshd[16101]: pam_unix(sshd:auth): authentication failure; logname= uid=0 euid=0 tty=ssh ruser= rhost=165.22.193.179 
Jun  7 05:31:00 vps-30774a52 sshd[16101]: Failed password for invalid user daniel from 165.22.193.179 port 48050 ssh2
Jun  7 05:31:01 vps-30774a52 sshd[16101]: Received disconnect from 165.22.193.179 port 48050:11: Bye Bye [preauth]
Jun  7 05:31:01 vps-30774a52 sshd[16101]: Disconnected from invalid user daniel 165.22.193.179 port 48050 [preauth]
Jun  7 05:31:10 vps-30774a52 sshd[16104]: pam_unix(sshd:auth): authentication failure; logname= uid=0 euid=0 tty=ssh ruser= rhost=118.69.55.101  user=root
Jun  7 05:31:12 vps-30774a52 sshd[16104]: Failed password for root from 118.69.55.101 port 52526 ssh2
Jun  7 05:31:13 vps-30774a52 sshd[16104]: Received disconnect from 118.69.55.101 port 52526:11: Bye Bye [preauth]
Jun  7 05:31:13 vps-30774a52 sshd[16104]: Disconnected from authenticating user root 118.69.55.101 port 52526 [preauth]
Jun  7 05:31:24 vps-30774a52 sshd[16106]: Invalid user webmaster from 113.31.113.5 port 48274
Jun  7 05:31:24 vps-30774a52 sshd[16106]: pam_unix(sshd:auth): check pass; user unknown
Jun  7 05:31:24 vps-30774a52 sshd[16106]: pam_unix(sshd:auth): authentication failure; logname= uid=0 euid=0 tty=ssh ruser= rhost=113.31.113.5 
Jun  7 05:31:26 vps-30774a52 sshd[16106]: Failed password for invalid user webmaster from 113.31.113.5 port 48274 ssh2
Jun  7 05:31:26 vps-30774a52 sshd[16108]: pam_unix(sshd:auth): authentication failure; logname= uid=0 euid=0 tty=ssh ruser= rhost=89.223.90.76  user=root
Jun  7 05:31:27 vps-30774a52 sshd[16106]: Received disconnect from 113.31.113.5 port 48274:11: Bye Bye [preauth]
Jun  7 05:31:27 vps-30774a52 sshd[16106]: Disconnected from invalid user webmaster 113.31.113.5 port 48274 [preauth]
Jun  7 05:31:28 vps-30774a52 sshd[16108]: Failed password for root from 89.223.90.76 port 48194 ssh2
Jun  7 05:31:29 vps-30774a52 sshd[16108]: Received disconnect from 89.223.90.76 port 48194:11: Bye Bye [preauth]
Jun  7 05:31:29 vps-30774a52 sshd[16108]: Disconnected from authenticating user root 89.223.90.76 port 48194 [preauth]
Jun  7 05:31:36 vps-30774a52 sshd[16114]: Invalid user clamav from 159.75.130.56 port 37932
Jun  7 05:31:36 vps-30774a52 sshd[16114]: pam_unix(sshd:auth): check pass; user unknown
Jun  7 05:31:36 vps-30774a52 sshd[16114]: pam_unix(sshd:auth): authentication failure; logname= uid=0 euid=0 tty=ssh ruser= rhost=159.75.130.56 
Jun  7 05:31:38 vps-30774a52 sshd[16114]: Failed password for invalid user clamav from 159.75.130.56 port 37932 ssh2
Jun  7 05:31:39 vps-30774a52 sshd[16114]: Received disconnect from 159.75.130.56 port 37932:11: Bye Bye [preauth]
Jun  7 05:31:39 vps-30774a52 sshd[16114]: Disconnected from invalid user clamav 159.75.130.56 port 37932 [preauth]
Jun  7 05:31:47 vps-30774a52 sshd[16112]: pam_unix(sshd:auth): authentication failure; logname= uid=0 euid=0 tty=ssh ruser= rhost=200.116.193.122  user=root
Jun  7 05:31:49 vps-30774a52 sshd[16112]: Failed password for root from 200.116.193.122 port 57536 ssh2
Jun  7 05:31:50 vps-30774a52 sshd[16112]: Received disconnect from 200.116.193.122 port 57536:11: Bye Bye [preauth]
Jun  7 05:31:50 vps-30774a52 sshd[16112]: Disconnected from authenticating user root 200.116.193.122 port 57536 [preauth]
Jun  7 05:31:51 vps-30774a52 sshd[16117]: Invalid user alex from 142.93.226.235 port 37116
Jun  7 05:31:51 vps-30774a52 sshd[16117]: pam_unix(sshd:auth): check pass; user unknown
Jun  7 05:31:51 vps-30774a52 sshd[16117]: pam_unix(sshd:auth): authentication failure; logname= uid=0 euid=0 tty=ssh ruser= rhost=142.93.226.235 
Jun  7 05:31:53 vps-30774a52 sshd[16117]: Failed password for invalid user alex from 142.93.226.235 port 37116 ssh2
Jun  7 05:31:53 vps-30774a52 sshd[16117]: Received disconnect from 142.93.226.235 port 37116:11: Bye Bye [preauth]
Jun  7 05:31:53 vps-30774a52 sshd[16117]: Disconnected from invalid user alex 142.93.226.235 port 37116 [preauth]
Jun  7 05:32:07 vps-30774a52 sshd[16120]: Invalid user vijayalatchmi from 124.30.44.214 port 32016
Jun  7 05:32:07 vps-30774a52 sshd[16120]: pam_unix(sshd:auth): check pass; user unknown
Jun  7 05:32:07 vps-30774a52 sshd[16120]: pam_unix(sshd:auth): authentication failure; logname= uid=0 euid=0 tty=ssh ruser= rhost=124.30.44.214 
Jun  7 05:32:09 vps-30774a52 sshd[16120]: Failed password for invalid user vijayalatchmi from 124.30.44.214 port 32016 ssh2
Jun  7 05:32:09 vps-30774a52 sshd[16120]: Received disconnect from 124.30.44.214 port 32016:11: Bye Bye [preauth]
Jun  7 05:32:09 vps-30774a52 sshd[16120]: Disconnected from invalid user vijayalatchmi 124.30.44.214 port 32016 [preauth]
Jun  7 05:32:13 vps-30774a52 sshd[16123]: pam_unix(sshd:auth): authentication failure; logname= uid=0 euid=0 tty=ssh ruser= rhost=190.156.231.182  user=root
Jun  7 05:32:15 vps-30774a52 sshd[16123]: Failed password for root from 190.156.231.182 port 53820 ssh2
Jun  7 05:32:16 vps-30774a52 sshd[16123]: Received disconnect from 190.156.231.182 port 53820:11: Bye Bye [preauth]
Jun  7 05:32:16 vps-30774a52 sshd[16123]: Disconnected from authenticating user root 190.156.231.182 port 53820 [preauth]
Jun  7 05:32:30 vps-30774a52 sshd[16126]: Invalid user joey from 118.69.55.101 port 45348
Jun  7 05:32:30 vps-30774a52 sshd[16126]: pam_unix(sshd:auth): check pass; user unknown
Jun  7 05:32:30 vps-30774a52 sshd[16126]: pam_unix(sshd:auth): authentication failure; logname= uid=0 euid=0 tty=ssh ruser= rhost=118.69.55.101 
Jun  7 05:32:30 vps-30774a52 sshd[16127]: pam_unix(sshd:auth): authentication failure; logname= uid=0 euid=0 tty=ssh ruser= rhost=1.224.37.98  user=root
Jun  7 05:32:32 vps-30774a52 sshd[16126]: Failed password for invalid user joey from 118.69.55.101 port 45348 ssh2
Jun  7 05:32:32 vps-30774a52 sshd[16126]: Received disconnect from 118.69.55.101 port 45348:11: Bye Bye [preauth]
Jun  7 05:32:32 vps-30774a52 sshd[16126]: Disconnected from invalid user joey 118.69.55.101 port 45348 [preauth]
Jun  7 05:32:32 vps-30774a52 sshd[16127]: Failed password for root from 1.224.37.98 port 37112 ssh2
Jun  7 05:32:33 vps-30774a52 sshd[16127]: Received disconnect from 1.224.37.98 port 37112:11: Bye Bye [preauth]
Jun  7 05:32:33 vps-30774a52 sshd[16127]: Disconnected from authenticating user root 1.224.37.98 port 37112 [preauth]
Jun  7 05:32:35 vps-30774a52 sshd[16131]: Invalid user temp from 165.22.193.179 port 49820
Jun  7 05:32:35 vps-30774a52 sshd[16131]: pam_unix(sshd:auth): check pass; user unknown
Jun  7 05:32:35 vps-30774a52 sshd[16131]: pam_unix(sshd:auth): authentication failure; logname= uid=0 euid=0 tty=ssh ruser= rhost=165.22.193.179 
Jun  7 05:32:37 vps-30774a52 sshd[16131]: Failed password for invalid user temp from 165.22.193.179 port 49820 ssh2
Jun  7 05:32:37 vps-30774a52 sshd[16133]: pam_unix(sshd:auth): authentication failure; logname= uid=0 euid=0 tty=ssh ruser= rhost=42.248.121.57  user=root
Jun  7 05:32:38 vps-30774a52 sshd[16131]: Received disconnect from 165.22.193.179 port 49820:11: Bye Bye [preauth]
Jun  7 05:32:38 vps-30774a52 sshd[16131]: Disconnected from invalid user temp 165.22.193.179 port 49820 [preauth]
Jun  7 05:32:39 vps-30774a52 sshd[16133]: Failed password for root from 42.248.121.57 port 51202 ssh2
Jun  7 05:32:40 vps-30774a52 sshd[16133]: Received disconnect from 42.248.121.57 port 51202:11: Bye Bye [preauth]
Jun  7 05:32:40 vps-30774a52 sshd[16133]: Disconnected from authenticating user root 42.248.121.57 port 51202 [preauth]
Jun  7 05:32:48 vps-30774a52 sshd[16137]: pam_unix(sshd:auth): authentication failure; logname= uid=0 euid=0 tty=ssh ruser= rhost=111.19.157.70  user=root
Jun  7 05:32:50 vps-30774a52 sshd[16137]: Failed password for root from 111.19.157.70 port 6442 ssh2
Jun  7 05:32:51 vps-30774a52 sshd[16137]: Received disconnect from 111.19.157.70 port 6442:11: Bye Bye [preauth]
Jun  7 05:32:51 vps-30774a52 sshd[16137]: Disconnected from authenticating user root 111.19.157.70 port 6442 [preauth]
Jun  7 05:32:57 vps-30774a52 sshd[16141]: Invalid user info2 from 142.93.226.235 port 55298
Jun  7 05:32:57 vps-30774a52 sshd[16141]: pam_unix(sshd:auth): check pass; user unknown
Jun  7 05:32:57 vps-30774a52 sshd[16141]: pam_unix(sshd:auth): authentication failure; logname= uid=0 euid=0 tty=ssh ruser= rhost=142.93.226.235 
Jun  7 05:32:58 vps-30774a52 sshd[15878]: Received disconnect from 160.120.150.54 port 40590:11: disconnected by user
Jun  7 05:32:58 vps-30774a52 sshd[15878]: Disconnected from user debian 160.120.150.54 port 40590
Jun  7 05:32:58 vps-30774a52 sshd[15872]: pam_unix(sshd:session): session closed for user debian
Jun  7 05:32:58 vps-30774a52 systemd-logind[532]: Session 20 logged out. Waiting for processes to exit.
Jun  7 05:32:58 vps-30774a52 systemd-logind[532]: Removed session 20.
Jun  7 05:32:59 vps-30774a52 sshd[16141]: Failed password for invalid user info2 from 142.93.226.235 port 55298 ssh2
Jun  7 05:33:01 vps-30774a52 sshd[16141]: Received disconnect from 142.93.226.235 port 55298:11: Bye Bye [preauth]
Jun  7 05:33:01 vps-30774a52 sshd[16141]: Disconnected from invalid user info2 142.93.226.235 port 55298 [preauth]
Jun  7 05:33:03 vps-30774a52 sshd[16145]: pam_unix(sshd:auth): authentication failure; logname= uid=0 euid=0 tty=ssh ruser= rhost=132.232.87.247  user=root
Jun  7 05:33:04 vps-30774a52 sshd[16145]: Failed password for root from 132.232.87.247 port 45186 ssh2
Jun  7 05:33:06 vps-30774a52 sshd[16145]: Received disconnect from 132.232.87.247 port 45186:11: Bye Bye [preauth]
Jun  7 05:33:06 vps-30774a52 sshd[16145]: Disconnected from authenticating user root 132.232.87.247 port 45186 [preauth]
Jun  7 05:33:11 vps-30774a52 sshd[16147]: Accepted publickey for debian from 160.120.150.54 port 40592 ssh2: RSA SHA256:sJnCOjsg1uxs+xAPHeoCl9vEIaDXGvGwX6CZdiP0cOo
Jun  7 05:33:11 vps-30774a52 sshd[16147]: pam_unix(sshd:session): session opened for user debian by (uid=0)
Jun  7 05:33:11 vps-30774a52 systemd-logind[532]: New session 21 of user debian.
Jun  7 05:33:29 vps-30774a52 sshd[16176]: Invalid user king from 124.30.44.214 port 34165
Jun  7 05:33:29 vps-30774a52 sshd[16176]: pam_unix(sshd:auth): check pass; user unknown
Jun  7 05:33:29 vps-30774a52 sshd[16176]: pam_unix(sshd:auth): authentication failure; logname= uid=0 euid=0 tty=ssh ruser= rhost=124.30.44.214 
Jun  7 05:33:31 vps-30774a52 sshd[16176]: Failed password for invalid user king from 124.30.44.214 port 34165 ssh2
Jun  7 05:33:33 vps-30774a52 sshd[16176]: Received disconnect from 124.30.44.214 port 34165:11: Bye Bye [preauth]
Jun  7 05:33:33 vps-30774a52 sshd[16176]: Disconnected from invalid user king 124.30.44.214 port 34165 [preauth]
Jun  7 05:33:42 vps-30774a52 sshd[16180]: pam_unix(sshd:auth): authentication failure; logname= uid=0 euid=0 tty=ssh ruser= rhost=190.156.231.182  user=root
Jun  7 05:33:44 vps-30774a52 sshd[16180]: Failed password for root from 190.156.231.182 port 48754 ssh2
Jun  7 05:33:45 vps-30774a52 sshd[16180]: Received disconnect from 190.156.231.182 port 48754:11: Bye Bye [preauth]
Jun  7 05:33:45 vps-30774a52 sshd[16180]: Disconnected from authenticating user root 190.156.231.182 port 48754 [preauth]
Jun  7 05:33:52 vps-30774a52 sshd[16187]: pam_unix(sshd:auth): authentication failure; logname= uid=0 euid=0 tty=ssh ruser= rhost=118.69.55.101  user=root
Jun  7 05:33:54 vps-30774a52 sshd[16187]: Failed password for root from 118.69.55.101 port 38182 ssh2
Jun  7 05:33:56 vps-30774a52 sshd[16187]: Received disconnect from 118.69.55.101 port 38182:11: Bye Bye [preauth]
Jun  7 05:33:56 vps-30774a52 sshd[16187]: Disconnected from authenticating user root 118.69.55.101 port 38182 [preauth]
Jun  7 05:34:03 vps-30774a52 sshd[16196]: pam_unix(sshd:auth): authentication failure; logname= uid=0 euid=0 tty=ssh ruser= rhost=222.186.42.13  user=root
Jun  7 05:34:03 vps-30774a52 sshd[16198]: Invalid user test from 142.93.226.235 port 45224
Jun  7 05:34:03 vps-30774a52 sshd[16198]: pam_unix(sshd:auth): check pass; user unknown
Jun  7 05:34:03 vps-30774a52 sshd[16198]: pam_unix(sshd:auth): authentication failure; logname= uid=0 euid=0 tty=ssh ruser= rhost=142.93.226.235 
Jun  7 05:34:04 vps-30774a52 sshd[16196]: Failed password for root from 222.186.42.13 port 56789 ssh2
Jun  7 05:34:05 vps-30774a52 sshd[16198]: Failed password for invalid user test from 142.93.226.235 port 45224 ssh2
Jun  7 05:34:06 vps-30774a52 sshd[16198]: Received disconnect from 142.93.226.235 port 45224:11: Bye Bye [preauth]
Jun  7 05:34:06 vps-30774a52 sshd[16198]: Disconnected from invalid user test 142.93.226.235 port 45224 [preauth]
Jun  7 05:34:07 vps-30774a52 sshd[16201]: Invalid user carolyn from 159.75.130.56 port 46948
Jun  7 05:34:07 vps-30774a52 sshd[16201]: pam_unix(sshd:auth): check pass; user unknown
Jun  7 05:34:07 vps-30774a52 sshd[16201]: pam_unix(sshd:auth): authentication failure; logname= uid=0 euid=0 tty=ssh ruser= rhost=159.75.130.56 
Jun  7 05:34:07 vps-30774a52 sshd[16202]: Invalid user web0 from 113.31.113.5 port 51572
Jun  7 05:34:07 vps-30774a52 sshd[16202]: pam_unix(sshd:auth): check pass; user unknown
Jun  7 05:34:07 vps-30774a52 sshd[16202]: pam_unix(sshd:auth): authentication failure; logname= uid=0 euid=0 tty=ssh ruser= rhost=113.31.113.5 
Jun  7 05:34:08 vps-30774a52 sshd[16196]: Failed password for root from 222.186.42.13 port 56789 ssh2
Jun  7 05:34:10 vps-30774a52 sshd[16201]: Failed password for invalid user carolyn from 159.75.130.56 port 46948 ssh2
Jun  7 05:34:10 vps-30774a52 sshd[16202]: Failed password for invalid user web0 from 113.31.113.5 port 51572 ssh2
Jun  7 05:34:11 vps-30774a52 sshd[16196]: Failed password for root from 222.186.42.13 port 56789 ssh2
Jun  7 05:34:11 vps-30774a52 sshd[16201]: Received disconnect from 159.75.130.56 port 46948:11: Bye Bye [preauth]
Jun  7 05:34:11 vps-30774a52 sshd[16201]: Disconnected from invalid user carolyn 159.75.130.56 port 46948 [preauth]
Jun  7 05:34:11 vps-30774a52 sshd[16202]: Received disconnect from 113.31.113.5 port 51572:11: Bye Bye [preauth]
Jun  7 05:34:11 vps-30774a52 sshd[16202]: Disconnected from invalid user web0 113.31.113.5 port 51572 [preauth]
Jun  7 05:34:12 vps-30774a52 sshd[16196]: Received disconnect from 222.186.42.13 port 56789:11:  [preauth]
Jun  7 05:34:12 vps-30774a52 sshd[16196]: Disconnected from authenticating user root 222.186.42.13 port 56789 [preauth]
Jun  7 05:34:12 vps-30774a52 sshd[16196]: PAM 2 more authentication failures; logname= uid=0 euid=0 tty=ssh ruser= rhost=222.186.42.13  user=root
Jun  7 05:34:12 vps-30774a52 sshd[16207]: pam_unix(sshd:auth): authentication failure; logname= uid=0 euid=0 tty=ssh ruser= rhost=89.223.90.76  user=root
Jun  7 05:34:14 vps-30774a52 sshd[16211]: pam_unix(sshd:auth): authentication failure; logname= uid=0 euid=0 tty=ssh ruser= rhost=222.186.42.13  user=root
Jun  7 05:34:15 vps-30774a52 sshd[16207]: Failed password for root from 89.223.90.76 port 56776 ssh2
Jun  7 05:34:15 vps-30774a52 sshd[16207]: Received disconnect from 89.223.90.76 port 56776:11: Bye Bye [preauth]
Jun  7 05:34:15 vps-30774a52 sshd[16207]: Disconnected from authenticating user root 89.223.90.76 port 56776 [preauth]
Jun  7 05:34:17 vps-30774a52 sshd[16215]: pam_unix(sshd:auth): authentication failure; logname= uid=0 euid=0 tty=ssh ruser= rhost=165.22.193.179  user=root
Jun  7 05:34:17 vps-30774a52 sshd[16211]: Failed password for root from 222.186.42.13 port 13373 ssh2
Jun  7 05:34:18 vps-30774a52 sshd[16213]: pam_unix(sshd:auth): authentication failure; logname= uid=0 euid=0 tty=ssh ruser= rhost=1.224.37.98  user=root
Jun  7 05:34:19 vps-30774a52 sshd[16215]: Failed password for root from 165.22.193.179 port 51584 ssh2
Jun  7 05:34:19 vps-30774a52 sshd[16211]: Failed password for root from 222.186.42.13 port 13373 ssh2
Jun  7 05:34:20 vps-30774a52 sshd[16215]: Received disconnect from 165.22.193.179 port 51584:11: Bye Bye [preauth]
Jun  7 05:34:20 vps-30774a52 sshd[16215]: Disconnected from authenticating user root 165.22.193.179 port 51584 [preauth]
Jun  7 05:34:20 vps-30774a52 sshd[16213]: Failed password for root from 1.224.37.98 port 34286 ssh2
Jun  7 05:34:21 vps-30774a52 sshd[16213]: Received disconnect from 1.224.37.98 port 34286:11: Bye Bye [preauth]
Jun  7 05:34:21 vps-30774a52 sshd[16213]: Disconnected from authenticating user root 1.224.37.98 port 34286 [preauth]
Jun  7 05:34:23 vps-30774a52 sshd[16211]: Failed password for root from 222.186.42.13 port 13373 ssh2
Jun  7 05:34:24 vps-30774a52 sshd[16211]: Received disconnect from 222.186.42.13 port 13373:11:  [preauth]
Jun  7 05:34:24 vps-30774a52 sshd[16211]: Disconnected from authenticating user root 222.186.42.13 port 13373 [preauth]
Jun  7 05:34:24 vps-30774a52 sshd[16211]: PAM 2 more authentication failures; logname= uid=0 euid=0 tty=ssh ruser= rhost=222.186.42.13  user=root
Jun  7 05:34:24 vps-30774a52 sshd[16209]: pam_unix(sshd:auth): authentication failure; logname= uid=0 euid=0 tty=ssh ruser= rhost=77.228.191.118  user=root
Jun  7 05:34:26 vps-30774a52 sshd[16217]: pam_unix(sshd:auth): authentication failure; logname= uid=0 euid=0 tty=ssh ruser= rhost=222.186.42.13  user=root
Jun  7 05:34:27 vps-30774a52 sshd[16209]: Failed password for root from 77.228.191.118 port 31104 ssh2
Jun  7 05:34:27 vps-30774a52 sshd[16209]: Received disconnect from 77.228.191.118 port 31104:11: Bye Bye [preauth]
Jun  7 05:34:27 vps-30774a52 sshd[16209]: Disconnected from authenticating user root 77.228.191.118 port 31104 [preauth]
Jun  7 05:34:28 vps-30774a52 sshd[16217]: Failed password for root from 222.186.42.13 port 26434 ssh2
Jun  7 05:34:31 vps-30774a52 sshd[16217]: Failed password for root from 222.186.42.13 port 26434 ssh2
Jun  7 05:34:34 vps-30774a52 sshd[16217]: Failed password for root from 222.186.42.13 port 26434 ssh2
Jun  7 05:34:35 vps-30774a52 sshd[16217]: Received disconnect from 222.186.42.13 port 26434:11:  [preauth]
Jun  7 05:34:35 vps-30774a52 sshd[16217]: Disconnected from authenticating user root 222.186.42.13 port 26434 [preauth]
Jun  7 05:34:35 vps-30774a52 sshd[16217]: PAM 2 more authentication failures; logname= uid=0 euid=0 tty=ssh ruser= rhost=222.186.42.13  user=root
Jun  7 05:34:37 vps-30774a52 sshd[16232]: pam_unix(sshd:auth): authentication failure; logname= uid=0 euid=0 tty=ssh ruser= rhost=222.186.42.13  user=root
Jun  7 05:34:40 vps-30774a52 sshd[16232]: Failed password for root from 222.186.42.13 port 46873 ssh2
Jun  7 05:34:42 vps-30774a52 sshd[16232]: Failed password for root from 222.186.42.13 port 46873 ssh2
Jun  7 05:34:46 vps-30774a52 sshd[16232]: Failed password for root from 222.186.42.13 port 46873 ssh2
Jun  7 05:34:47 vps-30774a52 sshd[16232]: Received disconnect from 222.186.42.13 port 46873:11:  [preauth]
Jun  7 05:34:47 vps-30774a52 sshd[16232]: Disconnected from authenticating user root 222.186.42.13 port 46873 [preauth]
Jun  7 05:34:47 vps-30774a52 sshd[16232]: PAM 2 more authentication failures; logname= uid=0 euid=0 tty=ssh ruser= rhost=222.186.42.13  user=root
Jun  7 05:34:49 vps-30774a52 sshd[16294]: pam_unix(sshd:auth): authentication failure; logname= uid=0 euid=0 tty=ssh ruser= rhost=222.186.42.13  user=root
Jun  7 05:34:51 vps-30774a52 sshd[16294]: Failed password for root from 222.186.42.13 port 12675 ssh2
Jun  7 05:34:54 vps-30774a52 sshd[16294]: Failed password for root from 222.186.42.13 port 12675 ssh2
Jun  7 05:34:55 vps-30774a52 sshd[16298]: pam_unix(sshd:auth): authentication failure; logname= uid=0 euid=0 tty=ssh ruser= rhost=124.30.44.214  user=root
Jun  7 05:34:57 vps-30774a52 sshd[16298]: Failed password for root from 124.30.44.214 port 43818 ssh2
Jun  7 05:34:57 vps-30774a52 sshd[16294]: Failed password for root from 222.186.42.13 port 12675 ssh2
Jun  7 05:34:58 vps-30774a52 sshd[16300]: pam_unix(sshd:auth): authentication failure; logname= uid=0 euid=0 tty=ssh ruser= rhost=81.70.197.67  user=root
Jun  7 05:34:58 vps-30774a52 sshd[16298]: Received disconnect from 124.30.44.214 port 43818:11: Bye Bye [preauth]
Jun  7 05:34:58 vps-30774a52 sshd[16298]: Disconnected from authenticating user root 124.30.44.214 port 43818 [preauth]
Jun  7 05:34:58 vps-30774a52 sshd[16294]: Received disconnect from 222.186.42.13 port 12675:11:  [preauth]
Jun  7 05:34:58 vps-30774a52 sshd[16294]: Disconnected from authenticating user root 222.186.42.13 port 12675 [preauth]
Jun  7 05:34:58 vps-30774a52 sshd[16294]: PAM 2 more authentication failures; logname= uid=0 euid=0 tty=ssh ruser= rhost=222.186.42.13  user=root
Jun  7 05:35:00 vps-30774a52 sshd[16300]: Failed password for root from 81.70.197.67 port 37550 ssh2
Jun  7 05:35:00 vps-30774a52 sshd[16308]: pam_unix(sshd:auth): authentication failure; logname= uid=0 euid=0 tty=ssh ruser= rhost=222.186.42.13  user=root
Jun  7 05:35:01 vps-30774a52 sshd[16300]: Received disconnect from 81.70.197.67 port 37550:11: Bye Bye [preauth]
Jun  7 05:35:01 vps-30774a52 sshd[16300]: Disconnected from authenticating user root 81.70.197.67 port 37550 [preauth]
Jun  7 05:35:03 vps-30774a52 sshd[16308]: Failed password for root from 222.186.42.13 port 31614 ssh2
Jun  7 05:35:05 vps-30774a52 sshd[16308]: Failed password for root from 222.186.42.13 port 31614 ssh2
Jun  7 05:35:09 vps-30774a52 sshd[16308]: Failed password for root from 222.186.42.13 port 31614 ssh2
Jun  7 05:35:10 vps-30774a52 sshd[16308]: Received disconnect from 222.186.42.13 port 31614:11:  [preauth]
Jun  7 05:35:10 vps-30774a52 sshd[16308]: Disconnected from authenticating user root 222.186.42.13 port 31614 [preauth]
Jun  7 05:35:10 vps-30774a52 sshd[16308]: PAM 2 more authentication failures; logname= uid=0 euid=0 tty=ssh ruser= rhost=222.186.42.13  user=root
Jun  7 05:35:11 vps-30774a52 sshd[16319]: pam_unix(sshd:auth): authentication failure; logname= uid=0 euid=0 tty=ssh ruser= rhost=142.93.226.235  user=root
Jun  7 05:35:11 vps-30774a52 sshd[16317]: pam_unix(sshd:auth): authentication failure; logname= uid=0 euid=0 tty=ssh ruser= rhost=190.156.231.182  user=root
Jun  7 05:35:13 vps-30774a52 sshd[16319]: Failed password for root from 142.93.226.235 port 35190 ssh2
Jun  7 05:35:13 vps-30774a52 sshd[16317]: Failed password for root from 190.156.231.182 port 43680 ssh2
Jun  7 05:35:14 vps-30774a52 sshd[16319]: Received disconnect from 142.93.226.235 port 35190:11: Bye Bye [preauth]
Jun  7 05:35:14 vps-30774a52 sshd[16319]: Disconnected from authenticating user root 142.93.226.235 port 35190 [preauth]
Jun  7 05:35:14 vps-30774a52 sshd[16317]: Received disconnect from 190.156.231.182 port 43680:11: Bye Bye [preauth]
Jun  7 05:35:14 vps-30774a52 sshd[16317]: Disconnected from authenticating user root 190.156.231.182 port 43680 [preauth]
Jun  7 05:35:16 vps-30774a52 sshd[16322]: Invalid user mqeurope from 118.69.55.101 port 59234
Jun  7 05:35:16 vps-30774a52 sshd[16322]: pam_unix(sshd:auth): check pass; user unknown
Jun  7 05:35:16 vps-30774a52 sshd[16322]: pam_unix(sshd:auth): authentication failure; logname= uid=0 euid=0 tty=ssh ruser= rhost=118.69.55.101 
Jun  7 05:35:18 vps-30774a52 sshd[16322]: Failed password for invalid user mqeurope from 118.69.55.101 port 59234 ssh2
Jun  7 05:35:18 vps-30774a52 sshd[16322]: Received disconnect from 118.69.55.101 port 59234:11: Bye Bye [preauth]
Jun  7 05:35:18 vps-30774a52 sshd[16322]: Disconnected from invalid user mqeurope 118.69.55.101 port 59234 [preauth]
Jun  7 05:35:27 vps-30774a52 sshd[16331]: pam_unix(sshd:auth): authentication failure; logname= uid=0 euid=0 tty=ssh ruser= rhost=132.232.87.247  user=root
Jun  7 05:35:28 vps-30774a52 sshd[16331]: Failed password for root from 132.232.87.247 port 52590 ssh2
Jun  7 05:35:30 vps-30774a52 sshd[16331]: Received disconnect from 132.232.87.247 port 52590:11: Bye Bye [preauth]
Jun  7 05:35:30 vps-30774a52 sshd[16331]: Disconnected from authenticating user root 132.232.87.247 port 52590 [preauth]
Jun  7 05:35:51 vps-30774a52 sshd[16344]: pam_unix(sshd:auth): authentication failure; logname= uid=0 euid=0 tty=ssh ruser= rhost=42.248.121.57  user=root
Jun  7 05:35:53 vps-30774a52 sshd[16344]: Failed password for root from 42.248.121.57 port 60164 ssh2
Jun  7 05:35:54 vps-30774a52 sshd[16346]: pam_unix(sshd:auth): authentication failure; logname= uid=0 euid=0 tty=ssh ruser= rhost=207.154.241.112  user=root
Jun  7 05:35:56 vps-30774a52 sshd[16344]: Received disconnect from 42.248.121.57 port 60164:11: Bye Bye [preauth]
Jun  7 05:35:56 vps-30774a52 sshd[16344]: Disconnected from authenticating user root 42.248.121.57 port 60164 [preauth]
Jun  7 05:35:56 vps-30774a52 sshd[16346]: Failed password for root from 207.154.241.112 port 49298 ssh2
Jun  7 05:35:57 vps-30774a52 sshd[16346]: Received disconnect from 207.154.241.112 port 49298:11: Bye Bye [preauth]
